  Determining projects to restore...
/home/kali/Desktop/TOAST/src/backend/IntegrationService.Infrastructure/IntegrationService.Infrastructure.csproj : warning NU1701: Package 'AuthorizeNet 2.0.5' was restored using '.NETFramework,Version=v4.6.1, .NETFramework,Version=v4.6.2, .NETFramework,Version=v4.7, .NETFramework,Version=v4.7.1, .NETFramework,Version=v4.7.2, .NETFramework,Version=v4.8, .NETFramework,Version=v4.8.1' instead of the project target framework 'net8.0'. This package may not be fully compatible with your project. [/home/kali/Desktop/TOAST/src/backend/IntegrationService.API/IntegrationService.API.csproj]
/home/kali/Desktop/TOAST/src/backend/IntegrationService.Core/IntegrationService.Core.csproj : warning NU1701: Package 'AuthorizeNet 2.0.5' was restored using '.NETFramework,Version=v4.6.1, .NETFramework,Version=v4.6.2, .NETFramework,Version=v4.7, .NETFramework,Version=v4.7.1, .NETFramework,Version=v4.7.2, .NETFramework,Version=v4.8, .NETFramework,Version=v4.8.1' instead of the project target framework 'net8.0'. This package may not be fully compatible with your project. [/home/kali/Desktop/TOAST/src/backend/IntegrationService.API/IntegrationService.API.csproj]
/home/kali/Desktop/TOAST/src/backend/IntegrationService.API/IntegrationService.API.csproj : warning NU1701: Package 'AuthorizeNet 2.0.5' was restored using '.NETFramework,Version=v4.6.1, .NETFramework,Version=v4.6.2, .NETFramework,Version=v4.7, .NETFramework,Version=v4.7.1, .NETFramework,Version=v4.7.2, .NETFramework,Version=v4.8, .NETFramework,Version=v4.8.1' instead of the project target framework 'net8.0'. This package may not be fully compatible with your project.
  All projects are up-to-date for restore.
/home/kali/Desktop/TOAST/src/backend/IntegrationService.API/IntegrationService.API.csproj : warning NU1701: Package 'AuthorizeNet 2.0.5' was restored using '.NETFramework,Version=v4.6.1, .NETFramework,Version=v4.6.2, .NETFramework,Version=v4.7, .NETFramework,Version=v4.7.1, .NETFramework,Version=v4.7.2, .NETFramework,Version=v4.8, .NETFramework,Version=v4.8.1' instead of the project target framework 'net8.0'. This package may not be fully compatible with your project.
/home/kali/Desktop/TOAST/src/backend/IntegrationService.Core/IntegrationService.Core.csproj : warning NU1701: Package 'AuthorizeNet 2.0.5' was restored using '.NETFramework,Version=v4.6.1, .NETFramework,Version=v4.6.2, .NETFramework,Version=v4.7, .NETFramework,Version=v4.7.1, .NETFramework,Version=v4.7.2, .NETFramework,Version=v4.8, .NETFramework,Version=v4.8.1' instead of the project target framework 'net8.0'. This package may not be fully compatible with your project.
/home/kali/Desktop/TOAST/src/backend/IntegrationService.Infrastructure/IntegrationService.Infrastructure.csproj : warning NU1701: Package 'AuthorizeNet 2.0.5' was restored using '.NETFramework,Version=v4.6.1, .NETFramework,Version=v4.6.2, .NETFramework,Version=v4.7, .NETFramework,Version=v4.7.1, .NETFramework,Version=v4.7.2, .NETFramework,Version=v4.8, .NETFramework,Version=v4.8.1' instead of the project target framework 'net8.0'. This package may not be fully compatible with your project.
/home/kali/Desktop/TOAST/src/backend/IntegrationService.Core/Services/PaymentService.cs(4,31): error CS0234: The type or namespace name 'Configuration' does not exist in the namespace 'IntegrationService.Core' (are you missing an assembly reference?) [/home/kali/Desktop/TOAST/src/backend/IntegrationService.Core/IntegrationService.Core.csproj]
/home/kali/Desktop/TOAST/src/backend/IntegrationService.Core/Services/OrderProcessingService.cs(22,43): error CS0246: The type or namespace name 'IOrderProcessingService' could not be found (are you missing a using directive or an assembly reference?) [/home/kali/Desktop/TOAST/src/backend/IntegrationService.Core/IntegrationService.Core.csproj]
/home/kali/Desktop/TOAST/src/backend/IntegrationService.Core/Services/OrderProcessingService.cs(26,26): error CS0246: The type or namespace name 'INotificationService' could not be found (are you missing a using directive or an assembly reference?) [/home/kali/Desktop/TOAST/src/backend/IntegrationService.Core/IntegrationService.Core.csproj]
/home/kali/Desktop/TOAST/src/backend/IntegrationService.Core/Services/OrderProcessingService.cs(32,13): error CS0246: The type or namespace name 'INotificationService' could not be found (are you missing a using directive or an assembly reference?) [/home/kali/Desktop/TOAST/src/backend/IntegrationService.Core/IntegrationService.Core.csproj]

Build FAILED.

/home/kali/Desktop/TOAST/src/backend/IntegrationService.Infrastructure/IntegrationService.Infrastructure.csproj : warning NU1701: Package 'AuthorizeNet 2.0.5' was restored using '.NETFramework,Version=v4.6.1, .NETFramework,Version=v4.6.2, .NETFramework,Version=v4.7, .NETFramework,Version=v4.7.1, .NETFramework,Version=v4.7.2, .NETFramework,Version=v4.8, .NETFramework,Version=v4.8.1' instead of the project target framework 'net8.0'. This package may not be fully compatible with your project. [/home/kali/Desktop/TOAST/src/backend/IntegrationService.API/IntegrationService.API.csproj]
/home/kali/Desktop/TOAST/src/backend/IntegrationService.Core/IntegrationService.Core.csproj : warning NU1701: Package 'AuthorizeNet 2.0.5' was restored using '.NETFramework,Version=v4.6.1, .NETFramework,Version=v4.6.2, .NETFramework,Version=v4.7, .NETFramework,Version=v4.7.1, .NETFramework,Version=v4.7.2, .NETFramework,Version=v4.8, .NETFramework,Version=v4.8.1' instead of the project target framework 'net8.0'. This package may not be fully compatible with your project. [/home/kali/Desktop/TOAST/src/backend/IntegrationService.API/IntegrationService.API.csproj]
/home/kali/Desktop/TOAST/src/backend/IntegrationService.API/IntegrationService.API.csproj : warning NU1701: Package 'AuthorizeNet 2.0.5' was restored using '.NETFramework,Version=v4.6.1, .NETFramework,Version=v4.6.2, .NETFramework,Version=v4.7, .NETFramework,Version=v4.7.1, .NETFramework,Version=v4.7.2, .NETFramework,Version=v4.8, .NETFramework,Version=v4.8.1' instead of the project target framework 'net8.0'. This package may not be fully compatible with your project.
/home/kali/Desktop/TOAST/src/backend/IntegrationService.API/IntegrationService.API.csproj : warning NU1701: Package 'AuthorizeNet 2.0.5' was restored using '.NETFramework,Version=v4.6.1, .NETFramework,Version=v4.6.2, .NETFramework,Version=v4.7, .NETFramework,Version=v4.7.1, .NETFramework,Version=v4.7.2, .NETFramework,Version=v4.8, .NETFramework,Version=v4.8.1' instead of the project target framework 'net8.0'. This package may not be fully compatible with your project.
/home/kali/Desktop/TOAST/src/backend/IntegrationService.Core/IntegrationService.Core.csproj : warning NU1701: Package 'AuthorizeNet 2.0.5' was restored using '.NETFramework,Version=v4.6.1, .NETFramework,Version=v4.6.2, .NETFramework,Version=v4.7, .NETFramework,Version=v4.7.1, .NETFramework,Version=v4.7.2, .NETFramework,Version=v4.8, .NETFramework,Version=v4.8.1' instead of the project target framework 'net8.0'. This package may not be fully compatible with your project.
/home/kali/Desktop/TOAST/src/backend/IntegrationService.Infrastructure/IntegrationService.Infrastructure.csproj : warning NU1701: Package 'AuthorizeNet 2.0.5' was restored using '.NETFramework,Version=v4.6.1, .NETFramework,Version=v4.6.2, .NETFramework,Version=v4.7, .NETFramework,Version=v4.7.1, .NETFramework,Version=v4.7.2, .NETFramework,Version=v4.8, .NETFramework,Version=v4.8.1' instead of the project target framework 'net8.0'. This package may not be fully compatible with your project.
/home/kali/Desktop/TOAST/src/backend/IntegrationService.Core/Services/PaymentService.cs(4,31): error CS0234: The type or namespace name 'Configuration' does not exist in the namespace 'IntegrationService.Core' (are you missing an assembly reference?) [/home/kali/Desktop/TOAST/src/backend/IntegrationService.Core/IntegrationService.Core.csproj]
/home/kali/Desktop/TOAST/src/backend/IntegrationService.Core/Services/OrderProcessingService.cs(22,43): error CS0246: The type or namespace name 'IOrderProcessingService' could not be found (are you missing a using directive or an assembly reference?) [/home/kali/Desktop/TOAST/src/backend/IntegrationService.Core/IntegrationService.Core.csproj]
/home/kali/Desktop/TOAST/src/backend/IntegrationService.Core/Services/OrderProcessingService.cs(26,26): error CS0246: The type or namespace name 'INotificationService' could not be found (are you missing a using directive or an assembly reference?) [/home/kali/Desktop/TOAST/src/backend/IntegrationService.Core/IntegrationService.Core.csproj]
/home/kali/Desktop/TOAST/src/backend/IntegrationService.Core/Services/OrderProcessingService.cs(32,13): error CS0246: The type or namespace name 'INotificationService' could not be found (are you missing a using directive or an assembly reference?) [/home/kali/Desktop/TOAST/src/backend/IntegrationService.Core/IntegrationService.Core.csproj]
    6 Warning(s)
    4 Error(s)

Time Elapsed 00:00:01.07
